../Core/Src/main.c:114:5:main	32	static
../Core/Src/main.c:335:6:SystemClock_Config	80	static
../Core/Src/main.c:372:13:MX_ADC1_Init	24	static
../Core/Src/main.c:424:13:MX_I2C2_Init	8	static
../Core/Src/main.c:459:13:MX_TIM1_Init	56	static
../Core/Src/main.c:509:13:MX_TIM2_Init	56	static
../Core/Src/main.c:558:13:MX_TIM4_Init	48	static
../Core/Src/main.c:617:13:MX_DMA_Init	16	static
../Core/Src/main.c:635:13:MX_GPIO_Init	48	static
../Core/Src/main.c:709:20:Get_HADC1_Ptr	4	static
../Core/Src/main.c:721:6:Error_Handler	4	static,ignoring_inline_asm
